1M1AW07Y8GM078351
3HSDJAPR9GN378741
1M1AW07Y1GM078370
4V4NC9EHXGN949508
4V4NC9EG8HN985805
4V4NC9EG3KN202188
4V4NC9EG5KN202189
4V4NC9EG1KN202190
4V4NC9EG4KN202197
4V4MC9GF67N455685
4V4MC9GFX7N455690
4V4NC9GH28N483958
3HSDZAPR1JN347676
3HSDZAPR7JN347679
4V4WC9EGXLN237148
4V4MC9DF48N262151
4V4M39GF97N456023
1FUYTMDB1YHG03254
1XKUDP9XOPJ241890
1KKYDP9X4PJ241892
4V4M19GF45N387566
1HSDJSJR1C548588
4V4NC9EG9HN985777
4V4NC9EG4HN985784
1XP5D49X62N574222
4V4NC9EH7CN546466
1M1AW09Y9CM022250
1GRAA06219D434045
4VGWD89X2XN483726